xcomposer encountered an error:

Syntax error in Line 1: bad rule
