xcomposer encountered an error:

Syntax error in Line 1: backslash at end of string
