# THIS FILE WAS AUTOMATICALLY GENERATED BY xcomposer
# DO NOT MODIFY IT BY HAND

include "%L"

<Multi_key> <U0061> <U0061> : "α"
<Multi_key> <U002D> <U003E> <U0020> : "→"
<Multi_key> <U005B> <U005F> : "⌊"
<Multi_key> <U005D> <U005F> : "⌋"
<Multi_key> <U007C> <U005E> <U0020> : "↑"
<Multi_key> <U007C> <dead_circumflex> <U0020> : "↑"
